                              1 ;--------------------------------------------------------
                              2 ; File Created by SDCC : FreeWare ANSI-C Compiler
                              3 ; Version 2.2.1 Wed Jan 09 18:37:52 2013
                              4 
                              5 ;--------------------------------------------------------
                              6 	.module lcc122400
                              7 	
                              8 ;--------------------------------------------------------
                              9 ; Public variables in this module
                             10 ;--------------------------------------------------------
                             11 	.globl _main
                             12 	.globl _drawScreen
                             13 	.globl _cls
                             14 	.globl _setchar
                             15 	.globl _gotoxy
                             16 	.globl _printf
                             17 	.globl _waitpadup
                             18 	.globl _joypad
                             19 	.globl _currentScreenPointer
                             20 	.globl _screens_array
                             21 	.globl _configValues
                             22 	.globl _main
                             23 	.globl _drawScreen
                             24 	.globl _screen_2
                             25 	.globl _screen_1
                             26 	.globl _screen_0
                             27 	.globl _cls
                             28 ;--------------------------------------------------------
                             29 ; Externals used
                             30 ;--------------------------------------------------------
                             31 	.globl _IE_REG
                             32 	.globl _SVBK_REG
                             33 	.globl _OCPD_REG
                             34 	.globl _OCPS_REG
                             35 	.globl _BCPD_REG
                             36 	.globl _BCPS_REG
                             37 	.globl _RP_REG
                             38 	.globl _HDMA5_REG
                             39 	.globl _HDMA4_REG
                             40 	.globl _HDMA3_REG
                             41 	.globl _HDMA2_REG
                             42 	.globl _HDMA1_REG
                             43 	.globl _VBK_REG
                             44 	.globl _KEY1_REG
                             45 	.globl _WX_REG
                             46 	.globl _WY_REG
                             47 	.globl _OBP1_REG
                             48 	.globl _OBP0_REG
                             49 	.globl _BGP_REG
                             50 	.globl _DMA_REG
                             51 	.globl _LYC_REG
                             52 	.globl _LY_REG
                             53 	.globl _SCX_REG
                             54 	.globl _SCY_REG
                             55 	.globl _STAT_REG
                             56 	.globl _LCDC_REG
                             57 	.globl _NR52_REG
                             58 	.globl _NR51_REG
                             59 	.globl _NR50_REG
                             60 	.globl _NR44_REG
                             61 	.globl _NR43_REG
                             62 	.globl _NR42_REG
                             63 	.globl _NR41_REG
                             64 	.globl _NR34_REG
                             65 	.globl _NR33_REG
                             66 	.globl _NR32_REG
                             67 	.globl _NR31_REG
                             68 	.globl _NR30_REG
                             69 	.globl _NR24_REG
                             70 	.globl _NR23_REG
                             71 	.globl _NR22_REG
                             72 	.globl _NR21_REG
                             73 	.globl _NR14_REG
                             74 	.globl _NR13_REG
                             75 	.globl _NR12_REG
                             76 	.globl _NR11_REG
                             77 	.globl _NR10_REG
                             78 	.globl _IF_REG
                             79 	.globl _TAC_REG
                             80 	.globl _TMA_REG
                             81 	.globl _TIMA_REG
                             82 	.globl _DIV_REG
                             83 	.globl _SC_REG
                             84 	.globl _SB_REG
                             85 	.globl _P1_REG
                             86 	.globl __io_out
                             87 	.globl __io_in
                             88 	.globl __io_status
                             89 	.globl _sys_time
                             90 	.globl __cpu
                             91 ;--------------------------------------------------------
                             92 ; special function registers
                             93 ;--------------------------------------------------------
                             94 ;--------------------------------------------------------
                             95 ; special function bits 
                             96 ;--------------------------------------------------------
                             97 ;--------------------------------------------------------
                             98 ; internal ram data
                             99 ;--------------------------------------------------------
                            100 	.area _DATA
   0000                     101 _configValues::
   0000                     102 	.ds 20
   0014                     103 _screens_array::
   0014                     104 	.ds 6
   001A                     105 _currentScreenPointer::
   001A                     106 	.ds 2
                            107 ;--------------------------------------------------------
                            108 ; overlayable items in internal ram 
                            109 ;--------------------------------------------------------
                            110 	.area _OVERLAY
                            111 ;--------------------------------------------------------
                            112 ; indirectly addressable internal ram data
                            113 ;--------------------------------------------------------
                            114 	.area _ISEG
                            115 ;--------------------------------------------------------
                            116 ; bit data
                            117 ;--------------------------------------------------------
                            118 	.area _BSEG
                            119 ;--------------------------------------------------------
                            120 ; external ram data
                            121 ;--------------------------------------------------------
                            122 	.area _XSEG
                            123 ;--------------------------------------------------------
                            124 ; global & static initialisations
                            125 ;--------------------------------------------------------
                            126 	.area _GSINIT
                            127 	.area _GSFINAL
                            128 	.area _GSINIT
                            129 ;	menu_test.c 255
                            130 ; genAssign (pointer)
   0000 11 14 00            131 	ld	de,#_screens_array + 0
   0003 3E 3F               132 	ld	a,#<_screen_0
   0005 12                  133 	ld	(de),a
   0006 13                  134 	inc	de
   0007 3E 00               135 	ld	a,#>_screen_0
   0009 12                  136 	ld	(de),a
                            137 ; genPlus
                            138 ; genPlusIncr
   000A 11 16 00            139 	ld	de,#_screens_array + 0 + 2
                            140 ; genAssign (pointer)
   000D 3E 67               141 	ld	a,#<_screen_1
   000F 12                  142 	ld	(de),a
   0010 13                  143 	inc	de
   0011 3E 00               144 	ld	a,#>_screen_1
   0013 12                  145 	ld	(de),a
                            146 ; genPlus
                            147 ; genPlusIncr
   0014 11 18 00            148 	ld	de,#_screens_array + 0 + 4
                            149 ; genAssign (pointer)
   0017 3E 7B               150 	ld	a,#<_screen_2
   0019 12                  151 	ld	(de),a
   001A 13                  152 	inc	de
   001B 3E 00               153 	ld	a,#>_screen_2
   001D 12                  154 	ld	(de),a
                            155 ;--------------------------------------------------------
                            156 ; Home
                            157 ;--------------------------------------------------------
                            158 	.area _HOME
                            159 	.area _CODE
                            160 ;--------------------------------------------------------
                            161 ; code
                            162 ;--------------------------------------------------------
                            163 	.area _CODE
                            164 ;	menu_test.c 69
                            165 ; genLabel
                            166 ; genFunction
                            167 ;	---------------------------------
                            168 ; Function cls
                            169 ; ---------------------------------
   0000                     170 ___cls_start:
   0000                     171 _cls:
   0000 C5                  172 	push	bc
   0001 E8 FF               173 	lda	sp,-1(sp)
                            174 ;	menu_test.c 73
                            175 ; genAssign
   0003 01 00 00            176 	ld	bc,#0x0000
                            177 ; genLabel
   0006                     178 00101$:
                            179 ; genCmpLt
   0006 59                  180 	ld	e,c
   0007 78                  181 	ld	a,b
   0008 EE 80               182 	xor	a,#0x80
   000A 57                  183 	ld	d,a
   000B 21 EE 7F            184 	ld	hl,#0x7FEE
   000E 19                  185 	add	hl,de
   000F DA 2E 00            186 	jp	c,00104$
                            187 ;	menu_test.c 75
                            188 ; genCast
                            189 ; AOP_STK for _cls_sloc0_1_0
   0012 F8 00               190 	lda	hl,0(sp)
   0014 71                  191 	ld	(hl),c
                            192 ; genIpush
                            193 ; AOP_STK for _cls_sloc0_1_0
   0015 7E                  194 	ld	a,(hl)
   0016 F5                  195 	push	af
   0017 33                  196 	inc	sp
                            197 ; genIpush
   0018 3E 01               198 	ld	a,#0x01
   001A F5                  199 	push	af
   001B 33                  200 	inc	sp
                            201 ; genCall
   001C CD 00 00            202 	call	_gotoxy
   001F E8 02               203 	lda	sp,2(sp)
                            204 ;	menu_test.c 76
                            205 ; genIpush
   0021 21 8F 00            206 	ld	hl,#__str_0 + 0
   0024 E5                  207 	push	hl
                            208 ; genCall
   0025 CD 00 00            209 	call	_printf
   0028 E8 02               210 	lda	sp,2(sp)
                            211 ;	menu_test.c 73
                            212 ; genPlus
                            213 ; genPlusIncr
   002A 03                  214 	inc	bc
                            215 ; genGoto
   002B C3 06 00            216 	jp	00101$
                            217 ; genLabel
   002E                     218 00104$:
                            219 ;	menu_test.c 78
                            220 ; genIpush
   002E 3E 01               221 	ld	a,#0x01
   0030 F5                  222 	push	af
   0031 33                  223 	inc	sp
                            224 ; genIpush
   0032 3E 01               225 	ld	a,#0x01
   0034 F5                  226 	push	af
   0035 33                  227 	inc	sp
                            228 ; genCall
   0036 CD 00 00            229 	call	_gotoxy
   0039 E8 02               230 	lda	sp,2(sp)
                            231 ; genLabel
   003B                     232 00105$:
                            233 ; genEndFunction
   003B E8 01               234 	lda	sp,1(sp)
   003D C1                  235 	pop	bc
   003E C9                  236 	ret
   003F                     237 ___cls_end:
   003F                     238 _screen_0:
   003F A4 00               239 	.dw _str_1
   0041 04                  240 	.db #0x04
   0042 01                  241 	.db #0x01
   0043 B2 00               242 	.dw _str_2
   0045 04                  243 	.db #0x04
   0046 02                  244 	.db #0x02
   0047 C0 00               245 	.dw _str_3
   0049 02                  246 	.db #0x02
   004A 00                  247 	.db #0x00
   004B C1 00               248 	.dw _str_4
   004D 01                  249 	.db #0x01
   004E 00                  250 	.db #0x00
   004F CF 00               251 	.dw _str_5
   0051 08                  252 	.db #0x08
   0052 00                  253 	.db #0x00
   0053 DD 00               254 	.dw _str_6
   0055 08                  255 	.db #0x08
   0056 00                  256 	.db #0x00
   0057 EB 00               257 	.dw _str_7
   0059 02                  258 	.db #0x02
   005A 00                  259 	.db #0x00
   005B EC 00               260 	.dw _str_8
   005D 02                  261 	.db #0x02
   005E 00                  262 	.db #0x00
   005F ED 00               263 	.dw _str_9
   0061 00                  264 	.db #0x00
   0062 00                  265 	.db #0x00
   0063 00 00               266 	.dw #0x0000
   0065 00                  267 	.db #0x00
   0066 00                  268 	.db #0x00
   0067                     269 _screen_1:
   0067 FB 00               270 	.dw _str_10
   0069 00                  271 	.db #0x00
   006A 00                  272 	.db #0x00
   006B 09 01               273 	.dw _str_11
   006D 00                  274 	.db #0x00
   006E 00                  275 	.db #0x00
   006F 17 01               276 	.dw _str_12
   0071 00                  277 	.db #0x00
   0072 00                  278 	.db #0x00
   0073 25 01               279 	.dw _str_13
   0075 00                  280 	.db #0x00
   0076 00                  281 	.db #0x00
   0077 00 00               282 	.dw #0x0000
   0079 00                  283 	.db #0x00
   007A 00                  284 	.db #0x00
   007B                     285 _screen_2:
   007B 33 01               286 	.dw _str_14
   007D 00                  287 	.db #0x00
   007E 00                  288 	.db #0x00
   007F 41 01               289 	.dw _str_15
   0081 00                  290 	.db #0x00
   0082 00                  291 	.db #0x00
   0083 4F 01               292 	.dw _str_16
   0085 00                  293 	.db #0x00
   0086 00                  294 	.db #0x00
   0087 5D 01               295 	.dw _str_17
   0089 00                  296 	.db #0x00
   008A 00                  297 	.db #0x00
   008B 00 00               298 	.dw #0x0000
   008D 00                  299 	.db #0x00
   008E 00                  300 	.db #0x00
   008F                     301 __str_0:
   008F 20 20 20 20 20 20   302 	.ascii "                    "
        20 20 20 20 20 20
        20 20 20 20 20 20
        20 20
   00A3 00                  303 	.db 0x00
   00A4                     304 _str_1:
   00A4 42 61 73 69 63 20   305 	.ascii "Basic Setup  "
        53 65 74 75 70 20
        20
   00B1 00                  306 	.db 0x00
   00B2                     307 _str_2:
   00B2 43 6F 6D 70 6C 65   308 	.ascii "Complex Setup"
        78 20 53 65 74 75
        70
   00BF 00                  309 	.db 0x00
   00C0                     310 _str_3:
   00C0 00                  311 	.db 0x00
   00C1                     312 _str_4:
   00C1 4F 70 74 69 6F 6E   313 	.ascii "Option 1     "
        20 31 20 20 20 20
        20
   00CE 00                  314 	.db 0x00
   00CF                     315 _str_5:
   00CF 4F 70 74 69 6F 6E   316 	.ascii "Option 2     "
        20 32 20 20 20 20
        20
   00DC 00                  317 	.db 0x00
   00DD                     318 _str_6:
   00DD 4F 70 74 69 6F 6E   319 	.ascii "Option 3     "
        20 33 20 20 20 20
        20
   00EA 00                  320 	.db 0x00
   00EB                     321 _str_7:
   00EB 00                  322 	.db 0x00
   00EC                     323 _str_8:
   00EC 00                  324 	.db 0x00
   00ED                     325 _str_9:
   00ED 54 61 6B 65 20 41   326 	.ascii "Take Action  "
        63 74 69 6F 6E 20
        20
   00FA 00                  327 	.db 0x00
   00FB                     328 _str_10:
   00FB 42 4F 70 74 69 6F   329 	.ascii "BOption 1    "
        6E 20 31 20 20 20
        20
   0108 00                  330 	.db 0x00
   0109                     331 _str_11:
   0109 42 4F 70 74 69 6F   332 	.ascii "BOption 2    "
        6E 20 32 20 20 20
        20
   0116 00                  333 	.db 0x00
   0117                     334 _str_12:
   0117 42 4F 70 74 69 6F   335 	.ascii "BOption 3    "
        6E 20 33 20 20 20
        20
   0124 00                  336 	.db 0x00
   0125                     337 _str_13:
   0125 42 4F 70 74 69 6F   338 	.ascii "BOption 4    "
        6E 20 34 20 20 20
        20
   0132 00                  339 	.db 0x00
   0133                     340 _str_14:
   0133 43 4F 70 74 69 6F   341 	.ascii "COption 1    "
        6E 20 31 20 20 20
        20
   0140 00                  342 	.db 0x00
   0141                     343 _str_15:
   0141 43 4F 70 74 69 6F   344 	.ascii "COption 2    "
        6E 20 32 20 20 20
        20
   014E 00                  345 	.db 0x00
   014F                     346 _str_16:
   014F 43 4F 70 74 69 6F   347 	.ascii "COption 3    "
        6E 20 33 20 20 20
        20
   015C 00                  348 	.db 0x00
   015D                     349 _str_17:
   015D 43 4F 70 74 69 6F   350 	.ascii "COption 4    "
        6E 20 34 20 20 20
        20
   016A 00                  351 	.db 0x00
                            352 ;	menu_test.c 81
                            353 ; genLabel
                            354 ; genFunction
                            355 ;	---------------------------------
                            356 ; Function drawScreen
                            357 ; ---------------------------------
   016B                     358 ___drawScreen_start:
   016B                     359 _drawScreen:
   016B C5                  360 	push	bc
   016C E8 F9               361 	lda	sp,-7(sp)
                            362 ;	menu_test.c 86
                            363 ; genCall
   016E CD 00 00            364 	call	_cls
                            365 ;	menu_test.c 88
                            366 ; genAssign
                            367 ; AOP_STK for _drawScreen_counter_1_1
   0171 F8 06               368 	lda	hl,6(sp)
   0173 36 00               369 	ld	(hl),#0x00
                            370 ; genLabel
   0175                     371 00108$:
                            372 ; genLeftShift
                            373 ; AOP_STK for _drawScreen_counter_1_1
   0175 F8 06               374 	lda	hl,6(sp)
   0177 7E                  375 	ld	a,(hl)
   0178 87                  376 	add	a,a
   0179 87                  377 	add	a,a
   017A 47                  378 	ld	b,a
                            379 ; genPlus
                            380 ; AOP_HL for _currentScreenPointer
                            381 ; AOP_STK for _drawScreen_sloc1_1_0
                            382 ;	genPlusIncr failed
   017B 21 1A 00            383 	ld	hl,#_currentScreenPointer + 0
   017E 5E                  384 	ld	e,(hl)
   017F 23                  385 	inc	hl
   0180 56                  386 	ld	d,(hl)
   0181 68                  387 	ld	l,b
   0182 26 00               388 	ld	h,#0x00
   0184 19                  389 	add	hl,de
   0185 7D                  390 	ld	a,l
   0186 54                  391 	ld	d,h
   0187 F8 02               392 	lda	hl,2(sp)
   0189 22                  393 	ld	(hl+),a
   018A 72                  394 	ld	(hl),d
                            395 ; genPointerGet
                            396 ; AOP_STK for _drawScreen_sloc1_1_0
                            397 ; AOP_STK for _drawScreen_sloc0_1_0
   018B 2B                  398 	dec	hl
   018C 5E                  399 	ld	e,(hl)
   018D 23                  400 	inc	hl
   018E 56                  401 	ld	d,(hl)
   018F 1A                  402 	ld	a,(de)
   0190 23                  403 	inc	hl
   0191 77                  404 	ld	(hl),a
   0192 13                  405 	inc	de
   0193 1A                  406 	ld	a,(de)
   0194 23                  407 	inc	hl
   0195 77                  408 	ld	(hl),a
                            409 ; genIfx
                            410 ; AOP_STK for _drawScreen_sloc0_1_0
   0196 2B                  411 	dec	hl
                            412 ; Rule 8
   0197 2A                  413 	ld	a,(hl+)
   0198 B6                  414 	or	a,(hl)
   0199 CA 46 02            415 	jp	z,00111$
                            416 ;	menu_test.c 90
                            417 ; genPlus
                            418 ; AOP_STK for _drawScreen_counter_1_1
                            419 ; AOP_STK for _drawScreen_sloc3_1_0
                            420 ; genPlusIncr
                            421 ;	genPlusIncr failed
   019C 23                  422 	inc	hl
   019D 7E                  423 	ld	a,(hl)
   019E C6 01               424 	add	a,#0x01
   01A0 F8 00               425 	lda	hl,0(sp)
   01A2 77                  426 	ld	(hl),a
                            427 ; genIpush
                            428 ; AOP_STK for _drawScreen_sloc3_1_0
   01A3 7E                  429 	ld	a,(hl)
   01A4 F5                  430 	push	af
   01A5 33                  431 	inc	sp
                            432 ; genIpush
   01A6 3E 02               433 	ld	a,#0x02
   01A8 F5                  434 	push	af
   01A9 33                  435 	inc	sp
                            436 ; genCall
   01AA CD 00 00            437 	call	_gotoxy
   01AD E8 02               438 	lda	sp,2(sp)
                            439 ;	menu_test.c 91
                            440 ; genPlus
                            441 ; AOP_STK for _drawScreen_sloc1_1_0
                            442 ; genPlusIncr
   01AF F8 02               443 	lda	hl,2(sp)
   01B1 5E                  444 	ld	e,(hl)
   01B2 23                  445 	inc	hl
   01B3 56                  446 	ld	d,(hl)
   01B4 13                  447 	inc	de
   01B5 13                  448 	inc	de
                            449 ; genPointerGet
                            450 ; AOP_STK for _drawScreen_sloc2_1_0
   01B6 1A                  451 	ld	a,(de)
   01B7 2B                  452 	dec	hl
   01B8 2B                  453 	dec	hl
   01B9 77                  454 	ld	(hl),a
                            455 ; genAnd
                            456 ; AOP_STK for _drawScreen_sloc2_1_0
   01BA 7E                  457 	ld	a,(hl)
   01BB CB 47               458 	bit	0,a
   01BD CA F2 01            459 	jp	z,00102$
                            460 ;	menu_test.c 92
                            461 ; genPlus
                            462 ; AOP_STK for _drawScreen_sloc1_1_0
                            463 ; genPlusIncr
                            464 ;	genPlusIncr failed
   01C0 23                  465 	inc	hl
   01C1 5E                  466 	ld	e,(hl)
   01C2 23                  467 	inc	hl
   01C3 56                  468 	ld	d,(hl)
   01C4 21 03 00            469 	ld	hl,#0x0003
   01C7 19                  470 	add	hl,de
   01C8 5D                  471 	ld	e,l
   01C9 54                  472 	ld	d,h
                            473 ; genPointerGet
   01CA 1A                  474 	ld	a,(de)
   01CB 47                  475 	ld	b,a
                            476 ; genLeftShift
   01CC 78                  477 	ld	a,b
   01CD 87                  478 	add	a,a
   01CE 47                  479 	ld	b,a
                            480 ; genPlus
                            481 ;	genPlusIncr failed
   01CF 3E 00               482 	ld	a,#<_configValues
   01D1 80                  483 	add	a,b
   01D2 5F                  484 	ld	e,a
   01D3 3E 00               485 	ld	a,#>_configValues
   01D5 CE 00               486 	adc	a,#0x00
   01D7 57                  487 	ld	d,a
                            488 ; genPointerGet
                            489 ; Removed redundent load
                            490 ; Removed redundent load
   01D8 1A                  491 	ld	a,(de)
   01D9 47                  492 	ld	b,a
   01DA 13                  493 	inc	de
   01DB 1A                  494 	ld	a,(de)
   01DC 4F                  495 	ld	c,a
                            496 ; genIpush
   01DD 68                  497 	ld	l,b
   01DE 61                  498 	ld	h,c
   01DF E5                  499 	push	hl
                            500 ; genIpush
                            501 ; AOP_STK for _drawScreen_sloc0_1_0
   01E0 F8 06               502 	lda	hl,6(sp)
   01E2 2A                  503 	ld	a,(hl+)
   01E3 66                  504 	ld	h,(hl)
   01E4 6F                  505 	ld	l,a
   01E5 E5                  506 	push	hl
                            507 ; genIpush
   01E6 21 63 02            508 	ld	hl,#__str_18 + 0
   01E9 E5                  509 	push	hl
                            510 ; genCall
   01EA CD 00 00            511 	call	_printf
   01ED E8 06               512 	lda	sp,6(sp)
                            513 ; genGoto
   01EF C3 01 02            514 	jp	00103$
                            515 ; genLabel
   01F2                     516 00102$:
                            517 ;	menu_test.c 94
                            518 ; genIpush
                            519 ; AOP_STK for _drawScreen_sloc0_1_0
   01F2 F8 04               520 	lda	hl,4(sp)
   01F4 2A                  521 	ld	a,(hl+)
   01F5 66                  522 	ld	h,(hl)
   01F6 6F                  523 	ld	l,a
   01F7 E5                  524 	push	hl
                            525 ; genIpush
   01F8 21 69 02            526 	ld	hl,#__str_19 + 0
   01FB E5                  527 	push	hl
                            528 ; genCall
   01FC CD 00 00            529 	call	_printf
   01FF E8 04               530 	lda	sp,4(sp)
                            531 ; genLabel
   0201                     532 00103$:
                            533 ;	menu_test.c 98
                            534 ; genAnd
                            535 ; AOP_STK for _drawScreen_sloc2_1_0
   0201 F8 01               536 	lda	hl,1(sp)
   0203 7E                  537 	ld	a,(hl)
   0204 CB 57               538 	bit	2,a
   0206 CA 1F 02            539 	jp	z,00105$
                            540 ;	menu_test.c 100
                            541 ; genIpush
                            542 ; AOP_STK for _drawScreen_sloc3_1_0
   0209 2B                  543 	dec	hl
   020A 7E                  544 	ld	a,(hl)
   020B F5                  545 	push	af
   020C 33                  546 	inc	sp
                            547 ; genIpush
   020D 3E 10               548 	ld	a,#0x10
   020F F5                  549 	push	af
   0210 33                  550 	inc	sp
                            551 ; genCall
   0211 CD 00 00            552 	call	_gotoxy
   0214 E8 02               553 	lda	sp,2(sp)
                            554 ;	menu_test.c 101
                            555 ; genIpush
   0216 3E 06               556 	ld	a,#0x06
   0218 F5                  557 	push	af
   0219 33                  558 	inc	sp
                            559 ; genCall
   021A CD 00 00            560 	call	_setchar
   021D E8 01               561 	lda	sp,1(sp)
                            562 ; genLabel
   021F                     563 00105$:
                            564 ;	menu_test.c 105
                            565 ; genAnd
                            566 ; AOP_STK for _drawScreen_sloc2_1_0
   021F F8 01               567 	lda	hl,1(sp)
   0221 7E                  568 	ld	a,(hl)
   0222 CB 5F               569 	bit	3,a
   0224 CA 3D 02            570 	jp	z,00110$
                            571 ;	menu_test.c 107
                            572 ; genIpush
                            573 ; AOP_STK for _drawScreen_sloc3_1_0
   0227 2B                  574 	dec	hl
   0228 7E                  575 	ld	a,(hl)
   0229 F5                  576 	push	af
   022A 33                  577 	inc	sp
                            578 ; genIpush
   022B 3E 10               579 	ld	a,#0x10
   022D F5                  580 	push	af
   022E 33                  581 	inc	sp
                            582 ; genCall
   022F CD 00 00            583 	call	_gotoxy
   0232 E8 02               584 	lda	sp,2(sp)
                            585 ;	menu_test.c 108
                            586 ; genIpush
   0234 3E 05               587 	ld	a,#0x05
   0236 F5                  588 	push	af
   0237 33                  589 	inc	sp
                            590 ; genCall
   0238 CD 00 00            591 	call	_setchar
   023B E8 01               592 	lda	sp,1(sp)
                            593 ; genLabel
   023D                     594 00110$:
                            595 ;	menu_test.c 88
                            596 ; genAssign
                            597 ; AOP_STK for _drawScreen_sloc3_1_0
                            598 ; AOP_STK for _drawScreen_counter_1_1
   023D F8 00               599 	lda	hl,0(sp)
   023F 7E                  600 	ld	a,(hl)
   0240 F8 06               601 	lda	hl,6(sp)
   0242 77                  602 	ld	(hl),a
                            603 ; genGoto
   0243 C3 75 01            604 	jp	00108$
                            605 ; genLabel
   0246                     606 00111$:
                            607 ;	menu_test.c 113
                            608 ; genIpush
   0246 3E 01               609 	ld	a,#0x01
   0248 F5                  610 	push	af
   0249 33                  611 	inc	sp
                            612 ; genIpush
   024A 3E 01               613 	ld	a,#0x01
   024C F5                  614 	push	af
   024D 33                  615 	inc	sp
                            616 ; genCall
   024E CD 00 00            617 	call	_gotoxy
   0251 E8 02               618 	lda	sp,2(sp)
                            619 ;	menu_test.c 114
                            620 ; genIpush
   0253 3E 03               621 	ld	a,#0x03
   0255 F5                  622 	push	af
   0256 33                  623 	inc	sp
                            624 ; genCall
   0257 CD 00 00            625 	call	_setchar
   025A E8 01               626 	lda	sp,1(sp)
                            627 ;	menu_test.c 118
                            628 ; genRet
                            629 ; AOP_STK for _drawScreen_counter_1_1
   025C F8 06               630 	lda	hl,6(sp)
   025E 5E                  631 	ld	e,(hl)
                            632 ; genLabel
   025F                     633 00112$:
                            634 ; genEndFunction
   025F E8 07               635 	lda	sp,7(sp)
   0261 C1                  636 	pop	bc
   0262 C9                  637 	ret
   0263                     638 ___drawScreen_end:
   0263                     639 __str_18:
   0263 25 73 20 25 64      640 	.ascii "%s %d"
   0268 00                  641 	.db 0x00
   0269                     642 __str_19:
   0269 25 73               643 	.ascii "%s"
   026B 00                  644 	.db 0x00
                            645 ;	menu_test.c 121
                            646 ; genLabel
                            647 ; genFunction
                            648 ;	---------------------------------
                            649 ; Function main
                            650 ; ---------------------------------
   026C                     651 ___main_start:
   026C                     652 _main:
   026C C5                  653 	push	bc
   026D E8 F5               654 	lda	sp,-11(sp)
                            655 ;	menu_test.c 123
                            656 ; genAssign
                            657 ; AOP_STK for _main_currentScreen_1_1
   026F F8 0A               658 	lda	hl,10(sp)
   0271 36 00               659 	ld	(hl),#0x00
                            660 ;	menu_test.c 125
                            661 ; genAssign
                            662 ; AOP_STK for _main_cursorPosition_1_1
   0273 2B                  663 	dec	hl
   0274 2B                  664 	dec	hl
   0275 36 01               665 	ld	(hl),#0x01
                            666 ;	menu_test.c 133
                            667 ; genAssign
                            668 ; AOP_STK for _main_previousScreen_1_1
   0277 23                  669 	inc	hl
   0278 36 00               670 	ld	(hl),#0x00
                            671 ;	menu_test.c 134
                            672 ; genAssign (pointer)
   027A 11 00 00            673 	ld	de,#_configValues + 0
   027D 3E 28               674 	ld	a,#0x28
   027F 12                  675 	ld	(de),a
   0280 13                  676 	inc	de
   0281 3E 00               677 	ld	a,#0x00
   0283 12                  678 	ld	(de),a
                            679 ;	menu_test.c 137
                            680 ; genPointerGet
                            681 ; AOP_HL for _currentScreenPointer
   0284 11 14 00            682 	ld	de,#_screens_array + 0
   0287 1A                  683 	ld	a,(de)
   0288 21 1A 00            684 	ld	hl,#_currentScreenPointer + 0
   028B 77                  685 	ld	(hl),a
   028C 13                  686 	inc	de
   028D 1A                  687 	ld	a,(de)
   028E 23                  688 	inc	hl
   028F 77                  689 	ld	(hl),a
                            690 ;	menu_test.c 138
                            691 ; genCall
   0290 CD 6B 01            692 	call	_drawScreen
                            693 ; AOP_STK for _main_counter_1_1
   0293 F8 07               694 	lda	hl,7(sp)
   0295 73                  695 	ld	(hl),e
                            696 ;	menu_test.c 140
                            697 ; genLabel
   0296                     698 00136$:
                            699 ;	menu_test.c 142
                            700 ; genCall
   0296 CD 00 00            701 	call	_joypad
                            702 ; AOP_STK for _main_input_1_1
   0299 F8 06               703 	lda	hl,6(sp)
   029B 73                  704 	ld	(hl),e
                            705 ;	menu_test.c 145
                            706 ; genAnd
                            707 ; AOP_STK for _main_input_1_1
   029C 7E                  708 	ld	a,(hl)
   029D CB 67               709 	bit	4,a
   029F CA FF 02            710 	jp	z,00104$
                            711 ;	menu_test.c 147
                            712 ; genCall
   02A2 CD 00 00            713 	call	_waitpadup
                            714 ;	menu_test.c 149
                            715 ; genMinus
                            716 ; AOP_STK for _main_cursorPosition_1_1
   02A5 F8 08               717 	lda	hl,8(sp)
   02A7 7E                  718 	ld	a,(hl)
   02A8 C6 FF               719 	add	a,#0xFF
   02AA 4F                  720 	ld	c,a
                            721 ; genLeftShift
   02AB 79                  722 	ld	a,c
   02AC 87                  723 	add	a,a
   02AD 87                  724 	add	a,a
   02AE 4F                  725 	ld	c,a
                            726 ; genPlus
                            727 ; AOP_HL for _currentScreenPointer
                            728 ; AOP_STK for _main_sloc0_1_0
                            729 ;	genPlusIncr failed
   02AF 21 1A 00            730 	ld	hl,#_currentScreenPointer + 0
   02B2 5E                  731 	ld	e,(hl)
   02B3 23                  732 	inc	hl
   02B4 56                  733 	ld	d,(hl)
   02B5 69                  734 	ld	l,c
   02B6 26 00               735 	ld	h,#0x00
   02B8 19                  736 	add	hl,de
   02B9 7D                  737 	ld	a,l
   02BA 54                  738 	ld	d,h
   02BB F8 04               739 	lda	hl,4(sp)
   02BD 22                  740 	ld	(hl+),a
   02BE 72                  741 	ld	(hl),d
                            742 ; genPlus
                            743 ; AOP_STK for _main_sloc0_1_0
                            744 ; genPlusIncr
   02BF 2B                  745 	dec	hl
   02C0 5E                  746 	ld	e,(hl)
   02C1 23                  747 	inc	hl
   02C2 56                  748 	ld	d,(hl)
   02C3 13                  749 	inc	de
   02C4 13                  750 	inc	de
                            751 ; genPointerGet
   02C5 1A                  752 	ld	a,(de)
   02C6 4F                  753 	ld	c,a
                            754 ; genAnd
   02C7 79                  755 	ld	a,c
   02C8 CB 57               756 	bit	2,a
   02CA CA FF 02            757 	jp	z,00104$
                            758 ;	menu_test.c 153
                            759 ; genAssign
                            760 ; AOP_STK for _main_currentScreen_1_1
                            761 ; AOP_STK for _main_previousScreen_1_1
   02CD F8 0A               762 	lda	hl,10(sp)
   02CF 7E                  763 	ld	a,(hl)
   02D0 2B                  764 	dec	hl
   02D1 77                  765 	ld	(hl),a
                            766 ;	menu_test.c 154
                            767 ; genPlus
                            768 ; AOP_STK for _main_sloc0_1_0
                            769 ; genPlusIncr
                            770 ;	genPlusIncr failed
   02D2 F8 04               771 	lda	hl,4(sp)
   02D4 5E                  772 	ld	e,(hl)
   02D5 23                  773 	inc	hl
   02D6 56                  774 	ld	d,(hl)
   02D7 21 03 00            775 	ld	hl,#0x0003
   02DA 19                  776 	add	hl,de
   02DB 5D                  777 	ld	e,l
   02DC 54                  778 	ld	d,h
                            779 ; genPointerGet
                            780 ; AOP_STK for _main_currentScreen_1_1
   02DD 1A                  781 	ld	a,(de)
   02DE F8 0A               782 	lda	hl,10(sp)
   02E0 77                  783 	ld	(hl),a
                            784 ;	menu_test.c 155
                            785 ; genLeftShift
                            786 ; AOP_STK for _main_currentScreen_1_1
   02E1 7E                  787 	ld	a,(hl)
   02E2 87                  788 	add	a,a
   02E3 4F                  789 	ld	c,a
                            790 ; genPlus
                            791 ;	genPlusIncr failed
   02E4 3E 14               792 	ld	a,#<_screens_array
   02E6 81                  793 	add	a,c
   02E7 5F                  794 	ld	e,a
   02E8 3E 00               795 	ld	a,#>_screens_array
   02EA CE 00               796 	adc	a,#0x00
   02EC 57                  797 	ld	d,a
                            798 ; genPointerGet
                            799 ; AOP_HL for _currentScreenPointer
                            800 ; Removed redundent load
                            801 ; Removed redundent load
   02ED 1A                  802 	ld	a,(de)
   02EE 21 1A 00            803 	ld	hl,#_currentScreenPointer + 0
   02F1 77                  804 	ld	(hl),a
   02F2 13                  805 	inc	de
   02F3 1A                  806 	ld	a,(de)
   02F4 23                  807 	inc	hl
   02F5 77                  808 	ld	(hl),a
                            809 ;	menu_test.c 156
                            810 ; genCall
   02F6 CD 6B 01            811 	call	_drawScreen
                            812 ; AOP_STK for _main_counter_1_1
   02F9 F8 07               813 	lda	hl,7(sp)
   02FB 73                  814 	ld	(hl),e
                            815 ;	menu_test.c 157
                            816 ; genAssign
                            817 ; AOP_STK for _main_cursorPosition_1_1
   02FC 23                  818 	inc	hl
   02FD 36 01               819 	ld	(hl),#0x01
                            820 ; genLabel
   02FF                     821 00104$:
                            822 ;	menu_test.c 162
                            823 ; genAnd
                            824 ; AOP_STK for _main_input_1_1
   02FF F8 06               825 	lda	hl,6(sp)
   0301 7E                  826 	ld	a,(hl)
   0302 CB 6F               827 	bit	5,a
   0304 CA 36 03            828 	jp	z,00108$
                            829 ;	menu_test.c 164
                            830 ; genCall
   0307 CD 00 00            831 	call	_waitpadup
                            832 ;	menu_test.c 166
                            833 ; genCmpEq
                            834 ; AOP_STK for _main_currentScreen_1_1
                            835 ; AOP_STK for _main_previousScreen_1_1
   030A F8 09               836 	lda	hl,9(sp)
   030C 2A                  837 	ld	a,(hl+)
   030D BE                  838 	cp	(hl) ; 5
   030E 20 03               839 	jr	nz,00157$
   0310 C3 36 03            840 	jp	00108$
   0313                     841 00157$:
                            842 ;	menu_test.c 168
                            843 ; genAssign
                            844 ; AOP_STK for _main_previousScreen_1_1
                            845 ; AOP_STK for _main_currentScreen_1_1
   0313 F8 09               846 	lda	hl,9(sp)
   0315 2A                  847 	ld	a,(hl+)
   0316 77                  848 	ld	(hl),a
                            849 ;	menu_test.c 169
                            850 ; genLeftShift
                            851 ; AOP_STK for _main_previousScreen_1_1
   0317 2B                  852 	dec	hl
   0318 7E                  853 	ld	a,(hl)
   0319 87                  854 	add	a,a
   031A 4F                  855 	ld	c,a
                            856 ; genPlus
                            857 ;	genPlusIncr failed
   031B 3E 14               858 	ld	a,#<_screens_array
   031D 81                  859 	add	a,c
   031E 5F                  860 	ld	e,a
   031F 3E 00               861 	ld	a,#>_screens_array
   0321 CE 00               862 	adc	a,#0x00
   0323 57                  863 	ld	d,a
                            864 ; genPointerGet
                            865 ; AOP_HL for _currentScreenPointer
                            866 ; Removed redundent load
                            867 ; Removed redundent load
   0324 1A                  868 	ld	a,(de)
   0325 21 1A 00            869 	ld	hl,#_currentScreenPointer + 0
   0328 77                  870 	ld	(hl),a
   0329 13                  871 	inc	de
   032A 1A                  872 	ld	a,(de)
   032B 23                  873 	inc	hl
   032C 77                  874 	ld	(hl),a
                            875 ;	menu_test.c 170
                            876 ; genCall
   032D CD 6B 01            877 	call	_drawScreen
                            878 ; AOP_STK for _main_counter_1_1
   0330 F8 07               879 	lda	hl,7(sp)
   0332 73                  880 	ld	(hl),e
                            881 ;	menu_test.c 171
                            882 ; genAssign
                            883 ; AOP_STK for _main_cursorPosition_1_1
   0333 23                  884 	inc	hl
   0334 36 01               885 	ld	(hl),#0x01
                            886 ; genLabel
   0336                     887 00108$:
                            888 ;	menu_test.c 176
                            889 ; genAnd
                            890 ; AOP_STK for _main_input_1_1
   0336 F8 06               891 	lda	hl,6(sp)
   0338 7E                  892 	ld	a,(hl)
   0339 CB 4F               893 	bit	1,a
   033B CA D5 03            894 	jp	z,00112$
                            895 ;	menu_test.c 178
                            896 ; genCall
   033E CD 00 00            897 	call	_waitpadup
                            898 ;	menu_test.c 180
                            899 ; genMinus
                            900 ; AOP_STK for _main_cursorPosition_1_1
   0341 F8 08               901 	lda	hl,8(sp)
   0343 7E                  902 	ld	a,(hl)
   0344 C6 FF               903 	add	a,#0xFF
   0346 4F                  904 	ld	c,a
                            905 ; genLeftShift
   0347 79                  906 	ld	a,c
   0348 87                  907 	add	a,a
   0349 87                  908 	add	a,a
   034A 4F                  909 	ld	c,a
                            910 ; genPlus
                            911 ; AOP_HL for _currentScreenPointer
                            912 ; AOP_STK for _main_sloc0_1_0
                            913 ;	genPlusIncr failed
   034B 21 1A 00            914 	ld	hl,#_currentScreenPointer + 0
   034E 5E                  915 	ld	e,(hl)
   034F 23                  916 	inc	hl
   0350 56                  917 	ld	d,(hl)
   0351 69                  918 	ld	l,c
   0352 26 00               919 	ld	h,#0x00
   0354 19                  920 	add	hl,de
   0355 7D                  921 	ld	a,l
   0356 54                  922 	ld	d,h
   0357 F8 04               923 	lda	hl,4(sp)
   0359 22                  924 	ld	(hl+),a
   035A 72                  925 	ld	(hl),d
                            926 ; genPlus
                            927 ; AOP_STK for _main_sloc0_1_0
                            928 ; genPlusIncr
   035B 2B                  929 	dec	hl
   035C 5E                  930 	ld	e,(hl)
   035D 23                  931 	inc	hl
   035E 56                  932 	ld	d,(hl)
   035F 13                  933 	inc	de
   0360 13                  934 	inc	de
                            935 ; genPointerGet
   0361 1A                  936 	ld	a,(de)
   0362 4F                  937 	ld	c,a
                            938 ; genAnd
   0363 79                  939 	ld	a,c
   0364 CB 47               940 	bit	0,a
   0366 CA D5 03            941 	jp	z,00112$
                            942 ;	menu_test.c 183
                            943 ; genPlus
                            944 ; AOP_STK for _main_sloc0_1_0
                            945 ; genPlusIncr
                            946 ;	genPlusIncr failed
   0369 2B                  947 	dec	hl
   036A 5E                  948 	ld	e,(hl)
   036B 23                  949 	inc	hl
   036C 56                  950 	ld	d,(hl)
   036D 21 03 00            951 	ld	hl,#0x0003
   0370 19                  952 	add	hl,de
   0371 5D                  953 	ld	e,l
   0372 54                  954 	ld	d,h
                            955 ; genPointerGet
   0373 1A                  956 	ld	a,(de)
   0374 4F                  957 	ld	c,a
                            958 ; genLeftShift
   0375 79                  959 	ld	a,c
   0376 87                  960 	add	a,a
   0377 4F                  961 	ld	c,a
                            962 ; genPlus
                            963 ; AOP_STK for _main_sloc2_1_0
                            964 ;	genPlusIncr failed
   0378 11 00 00            965 	ld	de,#_configValues + 0
   037B 69                  966 	ld	l,c
   037C 26 00               967 	ld	h,#0x00
   037E 19                  968 	add	hl,de
   037F 7D                  969 	ld	a,l
   0380 54                  970 	ld	d,h
   0381 F8 00               971 	lda	hl,0(sp)
   0383 22                  972 	ld	(hl+),a
   0384 72                  973 	ld	(hl),d
                            974 ; genPointerGet
                            975 ; AOP_STK for _main_sloc2_1_0
                            976 ; AOP_STK for _main_sloc1_1_0
   0385 2B                  977 	dec	hl
   0386 5E                  978 	ld	e,(hl)
   0387 23                  979 	inc	hl
   0388 56                  980 	ld	d,(hl)
   0389 1A                  981 	ld	a,(de)
   038A 23                  982 	inc	hl
   038B 77                  983 	ld	(hl),a
   038C 13                  984 	inc	de
   038D 1A                  985 	ld	a,(de)
   038E 23                  986 	inc	hl
   038F 77                  987 	ld	(hl),a
                            988 ; genMinus
                            989 ; AOP_STK for _main_sloc1_1_0
   0390 2B                  990 	dec	hl
   0391 5E                  991 	ld	e,(hl)
   0392 23                  992 	inc	hl
   0393 56                  993 	ld	d,(hl)
   0394 21 01 00            994 	ld	hl,#0x0001
   0397 7B                  995 	ld	a,e
   0398 95                  996 	sub	a,l
   0399 5F                  997 	ld	e,a
   039A 7A                  998 	ld	a,d
   039B 9C                  999 	sbc	a,h
   039C F8 03              1000 	lda	hl,3(sp)
   039E 77                 1001 	ld	(hl),a
   039F 2B                 1002 	dec	hl
   03A0 73                 1003 	ld	(hl),e
                           1004 ; genAssign (pointer)
                           1005 ; AOP_STK for _main_sloc2_1_0
                           1006 ; AOP_STK for _main_sloc1_1_0
   03A1 2B                 1007 	dec	hl
   03A2 2B                 1008 	dec	hl
   03A3 5E                 1009 	ld	e,(hl)
   03A4 23                 1010 	inc	hl
   03A5 56                 1011 	ld	d,(hl)
   03A6 23                 1012 	inc	hl
   03A7 7E                 1013 	ld	a,(hl)
   03A8 12                 1014 	ld	(de),a
   03A9 13                 1015 	inc	de
   03AA 23                 1016 	inc	hl
   03AB 7E                 1017 	ld	a,(hl)
   03AC 12                 1018 	ld	(de),a
                           1019 ;	menu_test.c 184
                           1020 ; genIpush
                           1021 ; AOP_STK for _main_cursorPosition_1_1
   03AD F8 08              1022 	lda	hl,8(sp)
   03AF 7E                 1023 	ld	a,(hl)
   03B0 F5                 1024 	push	af
   03B1 33                 1025 	inc	sp
                           1026 ; genIpush
   03B2 3E 02              1027 	ld	a,#0x02
   03B4 F5                 1028 	push	af
   03B5 33                 1029 	inc	sp
                           1030 ; genCall
   03B6 CD 00 00           1031 	call	_gotoxy
   03B9 E8 02              1032 	lda	sp,2(sp)
                           1033 ;	menu_test.c 185
                           1034 ; genPointerGet
                           1035 ; AOP_STK for _main_sloc0_1_0
   03BB F8 04              1036 	lda	hl,4(sp)
   03BD 5E                 1037 	ld	e,(hl)
   03BE 23                 1038 	inc	hl
   03BF 56                 1039 	ld	d,(hl)
   03C0 1A                 1040 	ld	a,(de)
   03C1 4F                 1041 	ld	c,a
   03C2 13                 1042 	inc	de
   03C3 1A                 1043 	ld	a,(de)
   03C4 47                 1044 	ld	b,a
                           1045 ; genIpush
                           1046 ; AOP_STK for _main_sloc1_1_0
   03C5 F8 02              1047 	lda	hl,2(sp)
   03C7 2A                 1048 	ld	a,(hl+)
   03C8 66                 1049 	ld	h,(hl)
   03C9 6F                 1050 	ld	l,a
   03CA E5                 1051 	push	hl
                           1052 ; genIpush
   03CB C5                 1053 	push	bc
                           1054 ; genIpush
   03CC 21 1A 06           1055 	ld	hl,#__str_20 + 0
   03CF E5                 1056 	push	hl
                           1057 ; genCall
   03D0 CD 00 00           1058 	call	_printf
   03D3 E8 06              1059 	lda	sp,6(sp)
                           1060 ; genLabel
   03D5                    1061 00112$:
                           1062 ;	menu_test.c 189
                           1063 ; genAnd
                           1064 ; AOP_STK for _main_input_1_1
   03D5 F8 06              1065 	lda	hl,6(sp)
   03D7 7E                 1066 	ld	a,(hl)
   03D8 CB 47              1067 	bit	0,a
   03DA CA 6A 04           1068 	jp	z,00116$
                           1069 ;	menu_test.c 191
                           1070 ; genCall
   03DD CD 00 00           1071 	call	_waitpadup
                           1072 ;	menu_test.c 193
                           1073 ; genMinus
                           1074 ; AOP_STK for _main_cursorPosition_1_1
   03E0 F8 08              1075 	lda	hl,8(sp)
   03E2 7E                 1076 	ld	a,(hl)
   03E3 C6 FF              1077 	add	a,#0xFF
   03E5 4F                 1078 	ld	c,a
                           1079 ; genLeftShift
   03E6 79                 1080 	ld	a,c
   03E7 87                 1081 	add	a,a
   03E8 87                 1082 	add	a,a
   03E9 4F                 1083 	ld	c,a
                           1084 ; genPlus
                           1085 ; AOP_HL for _currentScreenPointer
                           1086 ; AOP_STK for _main_sloc2_1_0
                           1087 ;	genPlusIncr failed
   03EA 21 1A 00           1088 	ld	hl,#_currentScreenPointer + 0
   03ED 5E                 1089 	ld	e,(hl)
   03EE 23                 1090 	inc	hl
   03EF 56                 1091 	ld	d,(hl)
   03F0 69                 1092 	ld	l,c
   03F1 26 00              1093 	ld	h,#0x00
   03F3 19                 1094 	add	hl,de
   03F4 7D                 1095 	ld	a,l
   03F5 54                 1096 	ld	d,h
   03F6 F8 00              1097 	lda	hl,0(sp)
   03F8 22                 1098 	ld	(hl+),a
   03F9 72                 1099 	ld	(hl),d
                           1100 ; genPlus
                           1101 ; AOP_STK for _main_sloc2_1_0
                           1102 ; genPlusIncr
   03FA 2B                 1103 	dec	hl
   03FB 5E                 1104 	ld	e,(hl)
   03FC 23                 1105 	inc	hl
   03FD 56                 1106 	ld	d,(hl)
   03FE 13                 1107 	inc	de
   03FF 13                 1108 	inc	de
                           1109 ; genPointerGet
   0400 1A                 1110 	ld	a,(de)
   0401 4F                 1111 	ld	c,a
                           1112 ; genAnd
   0402 79                 1113 	ld	a,c
   0403 CB 47              1114 	bit	0,a
   0405 CA 6A 04           1115 	jp	z,00116$
                           1116 ;	menu_test.c 196
                           1117 ; genPlus
                           1118 ; AOP_STK for _main_sloc2_1_0
                           1119 ; genPlusIncr
                           1120 ;	genPlusIncr failed
   0408 2B                 1121 	dec	hl
   0409 5E                 1122 	ld	e,(hl)
   040A 23                 1123 	inc	hl
   040B 56                 1124 	ld	d,(hl)
   040C 21 03 00           1125 	ld	hl,#0x0003
   040F 19                 1126 	add	hl,de
   0410 5D                 1127 	ld	e,l
   0411 54                 1128 	ld	d,h
                           1129 ; genPointerGet
   0412 1A                 1130 	ld	a,(de)
   0413 4F                 1131 	ld	c,a
                           1132 ; genLeftShift
   0414 79                 1133 	ld	a,c
   0415 87                 1134 	add	a,a
   0416 4F                 1135 	ld	c,a
                           1136 ; genPlus
                           1137 ; AOP_STK for _main_sloc0_1_0
                           1138 ;	genPlusIncr failed
   0417 11 00 00           1139 	ld	de,#_configValues + 0
   041A 69                 1140 	ld	l,c
   041B 26 00              1141 	ld	h,#0x00
   041D 19                 1142 	add	hl,de
   041E 7D                 1143 	ld	a,l
   041F 54                 1144 	ld	d,h
   0420 F8 04              1145 	lda	hl,4(sp)
   0422 22                 1146 	ld	(hl+),a
   0423 72                 1147 	ld	(hl),d
                           1148 ; genPointerGet
                           1149 ; AOP_STK for _main_sloc0_1_0
                           1150 ; AOP_STK for _main_sloc1_1_0
   0424 2B                 1151 	dec	hl
   0425 5E                 1152 	ld	e,(hl)
   0426 23                 1153 	inc	hl
   0427 56                 1154 	ld	d,(hl)
   0428 1A                 1155 	ld	a,(de)
   0429 F8 02              1156 	lda	hl,2(sp)
   042B 77                 1157 	ld	(hl),a
   042C 13                 1158 	inc	de
   042D 1A                 1159 	ld	a,(de)
   042E 23                 1160 	inc	hl
   042F 77                 1161 	ld	(hl),a
                           1162 ; genPlus
                           1163 ; AOP_STK for _main_sloc1_1_0
                           1164 ; genPlusIncr
   0430 2B                 1165 	dec	hl
   0431 34                 1166 	inc	(hl)
   0432 20 02              1167 	jr	nz,00158$
   0434 23                 1168 	inc	hl
   0435 34                 1169 	inc	(hl)
   0436                    1170 00158$:
                           1171 ; genAssign (pointer)
                           1172 ; AOP_STK for _main_sloc0_1_0
                           1173 ; AOP_STK for _main_sloc1_1_0
   0436 F8 04              1174 	lda	hl,4(sp)
   0438 5E                 1175 	ld	e,(hl)
   0439 23                 1176 	inc	hl
   043A 56                 1177 	ld	d,(hl)
   043B F8 02              1178 	lda	hl,2(sp)
   043D 7E                 1179 	ld	a,(hl)
   043E 12                 1180 	ld	(de),a
   043F 13                 1181 	inc	de
   0440 23                 1182 	inc	hl
   0441 7E                 1183 	ld	a,(hl)
   0442 12                 1184 	ld	(de),a
                           1185 ;	menu_test.c 197
                           1186 ; genIpush
                           1187 ; AOP_STK for _main_cursorPosition_1_1
   0443 F8 08              1188 	lda	hl,8(sp)
   0445 7E                 1189 	ld	a,(hl)
   0446 F5                 1190 	push	af
   0447 33                 1191 	inc	sp
                           1192 ; genIpush
   0448 3E 02              1193 	ld	a,#0x02
   044A F5                 1194 	push	af
   044B 33                 1195 	inc	sp
                           1196 ; genCall
   044C CD 00 00           1197 	call	_gotoxy
   044F E8 02              1198 	lda	sp,2(sp)
                           1199 ;	menu_test.c 198
                           1200 ; genPointerGet
                           1201 ; AOP_STK for _main_sloc2_1_0
   0451 F8 00              1202 	lda	hl,0(sp)
   0453 5E                 1203 	ld	e,(hl)
   0454 23                 1204 	inc	hl
   0455 56                 1205 	ld	d,(hl)
   0456 1A                 1206 	ld	a,(de)
   0457 4F                 1207 	ld	c,a
   0458 13                 1208 	inc	de
   0459 1A                 1209 	ld	a,(de)
   045A 47                 1210 	ld	b,a
                           1211 ; genIpush
                           1212 ; AOP_STK for _main_sloc1_1_0
   045B 23                 1213 	inc	hl
   045C 2A                 1214 	ld	a,(hl+)
   045D 66                 1215 	ld	h,(hl)
   045E 6F                 1216 	ld	l,a
   045F E5                 1217 	push	hl
                           1218 ; genIpush
   0460 C5                 1219 	push	bc
                           1220 ; genIpush
   0461 21 20 06           1221 	ld	hl,#__str_21 + 0
   0464 E5                 1222 	push	hl
                           1223 ; genCall
   0465 CD 00 00           1224 	call	_printf
   0468 E8 06              1225 	lda	sp,6(sp)
                           1226 ; genLabel
   046A                    1227 00116$:
                           1228 ;	menu_test.c 203
                           1229 ; genAnd
                           1230 ; AOP_STK for _main_input_1_1
   046A F8 06              1231 	lda	hl,6(sp)
   046C 7E                 1232 	ld	a,(hl)
   046D CB 5F              1233 	bit	3,a
   046F CA 3D 05           1234 	jp	z,00125$
                           1235 ;	menu_test.c 205
                           1236 ; genCall
   0472 CD 00 00           1237 	call	_waitpadup
                           1238 ;	menu_test.c 206
                           1239 ; genIpush
                           1240 ; AOP_STK for _main_cursorPosition_1_1
   0475 F8 08              1241 	lda	hl,8(sp)
   0477 7E                 1242 	ld	a,(hl)
   0478 F5                 1243 	push	af
   0479 33                 1244 	inc	sp
                           1245 ; genIpush
   047A 3E 01              1246 	ld	a,#0x01
   047C F5                 1247 	push	af
   047D 33                 1248 	inc	sp
                           1249 ; genCall
   047E CD 00 00           1250 	call	_gotoxy
   0481 E8 02              1251 	lda	sp,2(sp)
                           1252 ; genIpush
   0483 3E 20              1253 	ld	a,#0x20
   0485 F5                 1254 	push	af
   0486 33                 1255 	inc	sp
                           1256 ; genCall
   0487 CD 00 00           1257 	call	_setchar
   048A E8 01              1258 	lda	sp,1(sp)
                           1259 ;	menu_test.c 207
                           1260 ; genIpush
                           1261 ; AOP_STK for _main_cursorPosition_1_1
   048C F8 08              1262 	lda	hl,8(sp)
   048E 7E                 1263 	ld	a,(hl)
   048F F5                 1264 	push	af
   0490 33                 1265 	inc	sp
                           1266 ; genIpush
   0491 3E 00              1267 	ld	a,#0x00
   0493 F5                 1268 	push	af
   0494 33                 1269 	inc	sp
                           1270 ; genCall
   0495 CD 00 00           1271 	call	_gotoxy
   0498 E8 02              1272 	lda	sp,2(sp)
                           1273 ; genIpush
   049A 3E 20              1274 	ld	a,#0x20
   049C F5                 1275 	push	af
   049D 33                 1276 	inc	sp
                           1277 ; genCall
   049E CD 00 00           1278 	call	_setchar
   04A1 E8 01              1279 	lda	sp,1(sp)
                           1280 ;	menu_test.c 208
                           1281 ; genPlus
                           1282 ; AOP_STK for _main_cursorPosition_1_1
                           1283 ; genPlusIncr
   04A3 F8 08              1284 	lda	hl,8(sp)
   04A5 34                 1285 	inc	(hl)
                           1286 ;	menu_test.c 210
                           1287 ; genCmpGt
                           1288 ; AOP_STK for _main_cursorPosition_1_1
                           1289 ; AOP_STK for _main_counter_1_1
   04A6 AF                 1290 	xor	a,a
   04A7 2B                 1291 	dec	hl
   04A8 2A                 1292 	ld	a,(hl+)
   04A9 9E                 1293 	sbc	a,(hl) ; 2
   04AA D2 B0 04           1294 	jp	nc,00118$
                           1295 ;	menu_test.c 211
                           1296 ; genAssign
                           1297 ; AOP_STK for _main_counter_1_1
                           1298 ; AOP_STK for _main_cursorPosition_1_1
   04AD 2B                 1299 	dec	hl
   04AE 2A                 1300 	ld	a,(hl+)
   04AF 77                 1301 	ld	(hl),a
                           1302 ; genLabel
   04B0                    1303 00118$:
                           1304 ;	menu_test.c 213
                           1305 ; genMinus
                           1306 ; AOP_STK for _main_cursorPosition_1_1
   04B0 F8 08              1307 	lda	hl,8(sp)
   04B2 7E                 1308 	ld	a,(hl)
   04B3 C6 FF              1309 	add	a,#0xFF
   04B5 4F                 1310 	ld	c,a
                           1311 ; genLeftShift
   04B6 79                 1312 	ld	a,c
   04B7 87                 1313 	add	a,a
   04B8 87                 1314 	add	a,a
   04B9 4F                 1315 	ld	c,a
                           1316 ; genPlus
                           1317 ; AOP_HL for _currentScreenPointer
                           1318 ;	genPlusIncr failed
   04BA 21 1A 00           1319 	ld	hl,#_currentScreenPointer + 0
   04BD 7E                 1320 	ld	a,(hl)
   04BE 81                 1321 	add	a,c
   04BF 4F                 1322 	ld	c,a
   04C0 23                 1323 	inc	hl
   04C1 7E                 1324 	ld	a,(hl)
   04C2 CE 00              1325 	adc	a,#0x00
   04C4 47                 1326 	ld	b,a
                           1327 ; genPlus
                           1328 ; genPlusIncr
   04C5 59                 1329 	ld	e,c
   04C6 50                 1330 	ld	d,b
   04C7 13                 1331 	inc	de
   04C8 13                 1332 	inc	de
                           1333 ; genPointerGet
   04C9 1A                 1334 	ld	a,(de)
   04CA 4F                 1335 	ld	c,a
                           1336 ; genAnd
   04CB 79                 1337 	ld	a,c
   04CC CB 4F              1338 	bit	1,a
   04CE CA D4 04           1339 	jp	z,00120$
                           1340 ;	menu_test.c 214
                           1341 ; genPlus
                           1342 ; AOP_STK for _main_cursorPosition_1_1
                           1343 ; genPlusIncr
   04D1 F8 08              1344 	lda	hl,8(sp)
   04D3 34                 1345 	inc	(hl)
                           1346 ; genLabel
   04D4                    1347 00120$:
                           1348 ;	menu_test.c 216
                           1349 ; genMinus
                           1350 ; AOP_STK for _main_cursorPosition_1_1
   04D4 F8 08              1351 	lda	hl,8(sp)
   04D6 7E                 1352 	ld	a,(hl)
   04D7 C6 FF              1353 	add	a,#0xFF
   04D9 4F                 1354 	ld	c,a
                           1355 ; genLeftShift
   04DA 79                 1356 	ld	a,c
   04DB 87                 1357 	add	a,a
   04DC 87                 1358 	add	a,a
   04DD 4F                 1359 	ld	c,a
                           1360 ; genPlus
                           1361 ; AOP_HL for _currentScreenPointer
                           1362 ;	genPlusIncr failed
   04DE 21 1A 00           1363 	ld	hl,#_currentScreenPointer + 0
   04E1 7E                 1364 	ld	a,(hl)
   04E2 81                 1365 	add	a,c
   04E3 4F                 1366 	ld	c,a
   04E4 23                 1367 	inc	hl
   04E5 7E                 1368 	ld	a,(hl)
   04E6 CE 00              1369 	adc	a,#0x00
   04E8 47                 1370 	ld	b,a
                           1371 ; genPlus
                           1372 ; genPlusIncr
   04E9 59                 1373 	ld	e,c
   04EA 50                 1374 	ld	d,b
   04EB 13                 1375 	inc	de
   04EC 13                 1376 	inc	de
                           1377 ; genPointerGet
   04ED 1A                 1378 	ld	a,(de)
   04EE 4F                 1379 	ld	c,a
                           1380 ; genAnd
   04EF 79                 1381 	ld	a,c
   04F0 CB 47              1382 	bit	0,a
   04F2 CA 26 05           1383 	jp	z,00122$
                           1384 ;	menu_test.c 218
                           1385 ; genIpush
                           1386 ; AOP_STK for _main_cursorPosition_1_1
   04F5 F8 08              1387 	lda	hl,8(sp)
   04F7 7E                 1388 	ld	a,(hl)
   04F8 F5                 1389 	push	af
   04F9 33                 1390 	inc	sp
                           1391 ; genIpush
   04FA 3E 00              1392 	ld	a,#0x00
   04FC F5                 1393 	push	af
   04FD 33                 1394 	inc	sp
                           1395 ; genCall
   04FE CD 00 00           1396 	call	_gotoxy
   0501 E8 02              1397 	lda	sp,2(sp)
                           1398 ; genIpush
   0503 3E 04              1399 	ld	a,#0x04
   0505 F5                 1400 	push	af
   0506 33                 1401 	inc	sp
                           1402 ; genCall
   0507 CD 00 00           1403 	call	_setchar
   050A E8 01              1404 	lda	sp,1(sp)
                           1405 ;	menu_test.c 219
                           1406 ; genIpush
                           1407 ; AOP_STK for _main_cursorPosition_1_1
   050C F8 08              1408 	lda	hl,8(sp)
   050E 7E                 1409 	ld	a,(hl)
   050F F5                 1410 	push	af
   0510 33                 1411 	inc	sp
                           1412 ; genIpush
   0511 3E 01              1413 	ld	a,#0x01
   0513 F5                 1414 	push	af
   0514 33                 1415 	inc	sp
                           1416 ; genCall
   0515 CD 00 00           1417 	call	_gotoxy
   0518 E8 02              1418 	lda	sp,2(sp)
                           1419 ; genIpush
   051A 3E 03              1420 	ld	a,#0x03
   051C F5                 1421 	push	af
   051D 33                 1422 	inc	sp
                           1423 ; genCall
   051E CD 00 00           1424 	call	_setchar
   0521 E8 01              1425 	lda	sp,1(sp)
                           1426 ; genGoto
   0523 C3 3D 05           1427 	jp	00125$
                           1428 ; genLabel
   0526                    1429 00122$:
                           1430 ;	menu_test.c 223
                           1431 ; genIpush
                           1432 ; AOP_STK for _main_cursorPosition_1_1
   0526 F8 08              1433 	lda	hl,8(sp)
   0528 7E                 1434 	ld	a,(hl)
   0529 F5                 1435 	push	af
   052A 33                 1436 	inc	sp
                           1437 ; genIpush
   052B 3E 01              1438 	ld	a,#0x01
   052D F5                 1439 	push	af
   052E 33                 1440 	inc	sp
                           1441 ; genCall
   052F CD 00 00           1442 	call	_gotoxy
   0532 E8 02              1443 	lda	sp,2(sp)
                           1444 ; genIpush
   0534 3E 03              1445 	ld	a,#0x03
   0536 F5                 1446 	push	af
   0537 33                 1447 	inc	sp
                           1448 ; genCall
   0538 CD 00 00           1449 	call	_setchar
   053B E8 01              1450 	lda	sp,1(sp)
                           1451 ; genLabel
   053D                    1452 00125$:
                           1453 ;	menu_test.c 227
                           1454 ; genAnd
                           1455 ; AOP_STK for _main_input_1_1
   053D F8 06              1456 	lda	hl,6(sp)
   053F 7E                 1457 	ld	a,(hl)
   0540 CB 57              1458 	bit	2,a
   0542 CA 96 02           1459 	jp	z,00136$
                           1460 ;	menu_test.c 229
                           1461 ; genCall
   0545 CD 00 00           1462 	call	_waitpadup
                           1463 ;	menu_test.c 230
                           1464 ; genIpush
                           1465 ; AOP_STK for _main_cursorPosition_1_1
   0548 F8 08              1466 	lda	hl,8(sp)
   054A 7E                 1467 	ld	a,(hl)
   054B F5                 1468 	push	af
   054C 33                 1469 	inc	sp
                           1470 ; genIpush
   054D 3E 01              1471 	ld	a,#0x01
   054F F5                 1472 	push	af
   0550 33                 1473 	inc	sp
                           1474 ; genCall
   0551 CD 00 00           1475 	call	_gotoxy
   0554 E8 02              1476 	lda	sp,2(sp)
                           1477 ; genIpush
   0556 3E 20              1478 	ld	a,#0x20
   0558 F5                 1479 	push	af
   0559 33                 1480 	inc	sp
                           1481 ; genCall
   055A CD 00 00           1482 	call	_setchar
   055D E8 01              1483 	lda	sp,1(sp)
                           1484 ;	menu_test.c 231
                           1485 ; genIpush
                           1486 ; AOP_STK for _main_cursorPosition_1_1
   055F F8 08              1487 	lda	hl,8(sp)
   0561 7E                 1488 	ld	a,(hl)
   0562 F5                 1489 	push	af
   0563 33                 1490 	inc	sp
                           1491 ; genIpush
   0564 3E 00              1492 	ld	a,#0x00
   0566 F5                 1493 	push	af
   0567 33                 1494 	inc	sp
                           1495 ; genCall
   0568 CD 00 00           1496 	call	_gotoxy
   056B E8 02              1497 	lda	sp,2(sp)
                           1498 ; genIpush
   056D 3E 20              1499 	ld	a,#0x20
   056F F5                 1500 	push	af
   0570 33                 1501 	inc	sp
                           1502 ; genCall
   0571 CD 00 00           1503 	call	_setchar
   0574 E8 01              1504 	lda	sp,1(sp)
                           1505 ;	menu_test.c 232
                           1506 ; genMinus
                           1507 ; AOP_STK for _main_cursorPosition_1_1
   0576 F8 08              1508 	lda	hl,8(sp)
   0578 35                 1509 	dec	(hl)
                           1510 ;	menu_test.c 234
                           1511 ; genCmpLt
                           1512 ; AOP_STK for _main_cursorPosition_1_1
   0579 7E                 1513 	ld	a,(hl)
   057A FE 01              1514 	cp	#0x01
   057C D2 81 05           1515 	jp	nc,00127$
                           1516 ;	menu_test.c 235
                           1517 ; genAssign
                           1518 ; AOP_STK for _main_cursorPosition_1_1
   057F 36 01              1519 	ld	(hl),#0x01
                           1520 ; genLabel
   0581                    1521 00127$:
                           1522 ;	menu_test.c 238
                           1523 ; genMinus
                           1524 ; AOP_STK for _main_cursorPosition_1_1
                           1525 ; AOP_STK for _main_sloc2_1_0
   0581 F8 08              1526 	lda	hl,8(sp)
   0583 7E                 1527 	ld	a,(hl)
   0584 C6 FF              1528 	add	a,#0xFF
   0586 F8 00              1529 	lda	hl,0(sp)
   0588 77                 1530 	ld	(hl),a
                           1531 ; genLeftShift
                           1532 ; AOP_STK for _main_sloc2_1_0
   0589 7E                 1533 	ld	a,(hl)
   058A 87                 1534 	add	a,a
   058B 87                 1535 	add	a,a
   058C 47                 1536 	ld	b,a
                           1537 ; genPlus
                           1538 ; AOP_HL for _currentScreenPointer
                           1539 ;	genPlusIncr failed
   058D 21 1A 00           1540 	ld	hl,#_currentScreenPointer + 0
   0590 7E                 1541 	ld	a,(hl)
   0591 80                 1542 	add	a,b
   0592 47                 1543 	ld	b,a
   0593 23                 1544 	inc	hl
   0594 7E                 1545 	ld	a,(hl)
   0595 CE 00              1546 	adc	a,#0x00
   0597 4F                 1547 	ld	c,a
                           1548 ; genPlus
                           1549 ; genPlusIncr
   0598 58                 1550 	ld	e,b
   0599 51                 1551 	ld	d,c
   059A 13                 1552 	inc	de
   059B 13                 1553 	inc	de
                           1554 ; genPointerGet
   059C 1A                 1555 	ld	a,(de)
   059D 4F                 1556 	ld	c,a
                           1557 ; genAnd
   059E 79                 1558 	ld	a,c
   059F CB 4F              1559 	bit	1,a
   05A1 CA AA 05           1560 	jp	z,00129$
                           1561 ;	menu_test.c 239
                           1562 ; genAssign
                           1563 ; AOP_STK for _main_sloc2_1_0
                           1564 ; AOP_STK for _main_cursorPosition_1_1
   05A4 F8 00              1565 	lda	hl,0(sp)
   05A6 7E                 1566 	ld	a,(hl)
   05A7 F8 08              1567 	lda	hl,8(sp)
   05A9 77                 1568 	ld	(hl),a
                           1569 ; genLabel
   05AA                    1570 00129$:
                           1571 ;	menu_test.c 241
                           1572 ; genMinus
                           1573 ; AOP_STK for _main_cursorPosition_1_1
   05AA F8 08              1574 	lda	hl,8(sp)
   05AC 7E                 1575 	ld	a,(hl)
   05AD C6 FF              1576 	add	a,#0xFF
   05AF 4F                 1577 	ld	c,a
                           1578 ; genLeftShift
   05B0 79                 1579 	ld	a,c
   05B1 87                 1580 	add	a,a
   05B2 87                 1581 	add	a,a
   05B3 4F                 1582 	ld	c,a
                           1583 ; genPlus
                           1584 ; AOP_HL for _currentScreenPointer
                           1585 ;	genPlusIncr failed
   05B4 21 1A 00           1586 	ld	hl,#_currentScreenPointer + 0
   05B7 7E                 1587 	ld	a,(hl)
   05B8 81                 1588 	add	a,c
   05B9 4F                 1589 	ld	c,a
   05BA 23                 1590 	inc	hl
   05BB 7E                 1591 	ld	a,(hl)
   05BC CE 00              1592 	adc	a,#0x00
   05BE 47                 1593 	ld	b,a
                           1594 ; genPlus
                           1595 ; genPlusIncr
   05BF 59                 1596 	ld	e,c
   05C0 50                 1597 	ld	d,b
   05C1 13                 1598 	inc	de
   05C2 13                 1599 	inc	de
                           1600 ; genPointerGet
   05C3 1A                 1601 	ld	a,(de)
   05C4 4F                 1602 	ld	c,a
                           1603 ; genAnd
   05C5 79                 1604 	ld	a,c
   05C6 CB 47              1605 	bit	0,a
   05C8 CA FC 05           1606 	jp	z,00131$
                           1607 ;	menu_test.c 243
                           1608 ; genIpush
                           1609 ; AOP_STK for _main_cursorPosition_1_1
   05CB F8 08              1610 	lda	hl,8(sp)
   05CD 7E                 1611 	ld	a,(hl)
   05CE F5                 1612 	push	af
   05CF 33                 1613 	inc	sp
                           1614 ; genIpush
   05D0 3E 00              1615 	ld	a,#0x00
   05D2 F5                 1616 	push	af
   05D3 33                 1617 	inc	sp
                           1618 ; genCall
   05D4 CD 00 00           1619 	call	_gotoxy
   05D7 E8 02              1620 	lda	sp,2(sp)
                           1621 ; genIpush
   05D9 3E 04              1622 	ld	a,#0x04
   05DB F5                 1623 	push	af
   05DC 33                 1624 	inc	sp
                           1625 ; genCall
   05DD CD 00 00           1626 	call	_setchar
   05E0 E8 01              1627 	lda	sp,1(sp)
                           1628 ;	menu_test.c 244
                           1629 ; genIpush
                           1630 ; AOP_STK for _main_cursorPosition_1_1
   05E2 F8 08              1631 	lda	hl,8(sp)
   05E4 7E                 1632 	ld	a,(hl)
   05E5 F5                 1633 	push	af
   05E6 33                 1634 	inc	sp
                           1635 ; genIpush
   05E7 3E 01              1636 	ld	a,#0x01
   05E9 F5                 1637 	push	af
   05EA 33                 1638 	inc	sp
                           1639 ; genCall
   05EB CD 00 00           1640 	call	_gotoxy
   05EE E8 02              1641 	lda	sp,2(sp)
                           1642 ; genIpush
   05F0 3E 03              1643 	ld	a,#0x03
   05F2 F5                 1644 	push	af
   05F3 33                 1645 	inc	sp
                           1646 ; genCall
   05F4 CD 00 00           1647 	call	_setchar
   05F7 E8 01              1648 	lda	sp,1(sp)
                           1649 ; genGoto
   05F9 C3 96 02           1650 	jp	00136$
                           1651 ; genLabel
   05FC                    1652 00131$:
                           1653 ;	menu_test.c 248
                           1654 ; genIpush
                           1655 ; AOP_STK for _main_cursorPosition_1_1
   05FC F8 08              1656 	lda	hl,8(sp)
   05FE 7E                 1657 	ld	a,(hl)
   05FF F5                 1658 	push	af
   0600 33                 1659 	inc	sp
                           1660 ; genIpush
   0601 3E 01              1661 	ld	a,#0x01
   0603 F5                 1662 	push	af
   0604 33                 1663 	inc	sp
                           1664 ; genCall
   0605 CD 00 00           1665 	call	_gotoxy
   0608 E8 02              1666 	lda	sp,2(sp)
                           1667 ; genIpush
   060A 3E 03              1668 	ld	a,#0x03
   060C F5                 1669 	push	af
   060D 33                 1670 	inc	sp
                           1671 ; genCall
   060E CD 00 00           1672 	call	_setchar
   0611 E8 01              1673 	lda	sp,1(sp)
                           1674 ; genGoto
   0613 C3 96 02           1675 	jp	00136$
                           1676 ; genLabel
   0616                    1677 00138$:
                           1678 ; genEndFunction
   0616 E8 0B              1679 	lda	sp,11(sp)
   0618 C1                 1680 	pop	bc
   0619 C9                 1681 	ret
   061A                    1682 ___main_end:
   061A                    1683 __str_20:
   061A 25 73 20 25 64     1684 	.ascii "%s %d"
   061F 00                 1685 	.db 0x00
   0620                    1686 __str_21:
   0620 25 73 20 25 64     1687 	.ascii "%s %d"
   0625 00                 1688 	.db 0x00
                           1689 	.area _CODE
ASxxxx Assembler V01.75  (GameBoy Z80-like CPU), page 1.

Symbol Table

    _BCPD_REG                          **** GX
    _BCPS_REG                          **** GX
    _BGP_REG                           **** GX
    _DIV_REG                           **** GX
    _DMA_REG                           **** GX
    _HDMA1_REG                         **** GX
    _HDMA2_REG                         **** GX
    _HDMA3_REG                         **** GX
    _HDMA4_REG                         **** GX
    _HDMA5_REG                         **** GX
    _IE_REG                            **** GX
    _IF_REG                            **** GX
    _KEY1_REG                          **** GX
    _LCDC_REG                          **** GX
    _LYC_REG                           **** GX
    _LY_REG                            **** GX
    _NR10_REG                          **** GX
    _NR11_REG                          **** GX
    _NR12_REG                          **** GX
    _NR13_REG                          **** GX
    _NR14_REG                          **** GX
    _NR21_REG                          **** GX
    _NR22_REG                          **** GX
    _NR23_REG                          **** GX
    _NR24_REG                          **** GX
    _NR30_REG                          **** GX
    _NR31_REG                          **** GX
    _NR32_REG                          **** GX
    _NR33_REG                          **** GX
    _NR34_REG                          **** GX
    _NR41_REG                          **** GX
    _NR42_REG                          **** GX
    _NR43_REG                          **** GX
    _NR44_REG                          **** GX
    _NR50_REG                          **** GX
    _NR51_REG                          **** GX
    _NR52_REG                          **** GX
    _OBP0_REG                          **** GX
    _OBP1_REG                          **** GX
    _OCPD_REG                          **** GX
    _OCPS_REG                          **** GX
    _P1_REG                            **** GX
    _RP_REG                            **** GX
    _SB_REG                            **** GX
    _SCX_REG                           **** GX
    _SCY_REG                           **** GX
    _SC_REG                            **** GX
    _STAT_REG                          **** GX
    _SVBK_REG                          **** GX
    _TAC_REG                           **** GX
    _TIMA_REG                          **** GX
    _TMA_REG                           **** GX
    _VBK_REG                           **** GX
    _WX_REG                            **** GX
    _WY_REG                            **** GX
  0 ___cls_end                         003F R
  0 ___cls_start                       0000 R
  0 ___drawScreen_end                  0263 R
  0 ___drawScreen_start                016B R
  0 ___main_end                        061A R
  0 ___main_start                      026C R
    __cpu                              **** GX
    __io_in                            **** GX
    __io_out                           **** GX
    __io_status                        **** GX
  0 __str_0                            008F R
  0 __str_18                           0263 R
  0 __str_19                           0269 R
  0 __str_20                           061A R
  0 __str_21                           0620 R
  0 _cls                               0000 GR
  1 _configValues                      0000 GR
  1 _currentScreenPointer              001A GR
  0 _drawScreen                        016B GR
    _gotoxy                            **** GX
    _joypad                            **** GX
  0 _main                              026C GR
    _printf                            **** GX
  0 _screen_0                          003F GR
  0 _screen_1                          0067 GR
  0 _screen_2                          007B GR
  1 _screens_array                     0014 GR
    _setchar                           **** GX
  0 _str_1                             00A4 R
  0 _str_10                            00FB R
  0 _str_11                            0109 R
  0 _str_12                            0117 R
  0 _str_13                            0125 R
  0 _str_14                            0133 R
  0 _str_15                            0141 R
  0 _str_16                            014F R
  0 _str_17                            015D R
  0 _str_2                             00B2 R
  0 _str_3                             00C0 R
  0 _str_4                             00C1 R
  0 _str_5                             00CF R
  0 _str_6                             00DD R
  0 _str_7                             00EB R
  0 _str_8                             00EC R
  0 _str_9                             00ED R
    _sys_time                          **** GX
    _waitpadup                         **** GX

ASxxxx Assembler V01.75  (GameBoy Z80-like CPU), page 2.

Area Table

   0 _CODE                              size  626   flags 0
   1 _DATA                              size   1C   flags 0
   2 _OVERLAY                           size    0   flags 0
   3 _ISEG                              size    0   flags 0
   4 _BSEG                              size    0   flags 0
   5 _XSEG                              size    0   flags 0
   6 _GSINIT                            size   1E   flags 0
   7 _GSFINAL                           size    0   flags 0
   8 _HOME                              size    0   flags 0
